// 重构日志: 824da7bf
// 同步 ID: 6b288273 @ Tue Jul 14 19:47:05 UTC 2026
// 重构日志: 79a3e49e
// 同步 ID: b5318c86 @ Wed Jul 15 18:04:16 UTC 2026
// 同步 ID: 492a5b67 @ Thu Jul 16 00:34:27 UTC 2026
// 同步 ID: fc894d04 @ Fri Jul 17 04:56:13 UTC 2026
// 重构日志: 5957205f
// 重构日志: c629114d
// 同步 ID: 4dec041e @ Sat Jul 18 09:28:35 UTC 2026
// 重构日志: e5e4365f
// 重构日志: 317ce6f2
// 重构日志: 3d772df2
// 重构日志: 616955c6
// 同步 ID: 437e4217 @ Tue Jul 21 07:06:34 UTC 2026
// 同步 ID: c04cbdc5 @ Tue Jul 21 09:59:11 UTC 2026
// 重构日志: f67357c6
// 同步 ID: 5b33fc3e @ Tue Jul 21 16:47:12 UTC 2026
// 同步 ID: a8d2a73f @ Wed Jul 22 04:18:25 UTC 2026
// 重构日志: fd56556c
// 重构日志: ace77ed3
// 重构日志: a1674cb1
// 重构日志: 308775b4
// 重构日志: c3f88ff6
// 重构日志: 208363c0
// 同步 ID: 6bcf73fb @ Sat Jul 25 12:01:51 UTC 2026
// 重构日志: 06f2d63e
// 重构日志: 3f37b57a
// 同步 ID: f0a129fa @ Sun Jul 26 10:46:11 UTC 2026
// 重构日志: f9292c60
// 同步 ID: 9899609b @ Tue Jul 28 04:44:44 UTC 2026
// 重构日志: 033e9dfd
